INFO 2025-05-03 02:08:30,457 model_registry 7984 3296 Registered model type: random_forest
INFO 2025-05-03 02:08:30,457 model_registry 7984 3296 Registered model type: lightgbm
INFO 2025-05-03 02:08:40,018 model_registry 3320 4680 Registered model type: random_forest
INFO 2025-05-03 02:08:40,019 model_registry 3320 4680 Registered model type: lightgbm
INFO 2025-05-03 02:08:50,260 autoreload 17372 16808 Watching for file changes with StatReloader
INFO 2025-05-03 02:08:50,260 autoreload 17372 16808 Watching for file changes with StatReloader
INFO 2025-05-03 02:08:52,345 model_registry 17372 16808 Registered model type: random_forest
INFO 2025-05-03 02:08:52,345 model_registry 17372 16808 Registered model type: lightgbm
INFO 2025-05-03 02:09:09,343 basehttp 17372 4892 "GET /lightgbm/ HTTP/1.1" 200 4720
INFO 2025-05-03 02:09:09,343 basehttp 17372 4892 "GET /lightgbm/ HTTP/1.1" 200 4720
INFO 2025-05-03 02:09:13,241 views 17372 4892 Processing prediction request for tickers: ['TATASTEEL.NS'] using lightgbm model
INFO 2025-05-03 02:09:13,242 downloader 17372 4892 StockDataDownloader initialized with period=6mo, interval=1d
INFO 2025-05-03 02:09:13,242 technical_indicators 17372 4892 TechnicalIndicatorCalculator initialized
INFO 2025-05-03 02:09:13,243 processor 17372 4892 DataProcessor initialized with forward_days=3
INFO 2025-05-03 02:09:13,243 prediction_service 17372 4892 PredictionService initialized with model_type=lightgbm
INFO 2025-05-03 02:09:13,243 prediction_service 17372 4892 Downloading data for TATASTEEL.NS
INFO 2025-05-03 02:09:13,244 downloader 17372 4892 Downloading stock data for TATASTEEL.NS
INFO 2025-05-03 02:09:13,739 downloader 17372 4892 Successfully downloaded 121 records for TATASTEEL.NS
INFO 2025-05-03 02:09:13,739 prediction_service 17372 4892 Calculating indicators for TATASTEEL.NS
INFO 2025-05-03 02:09:13,740 technical_indicators 17372 4892 Calculating indicators: ['RSI', 'MACD', 'MACD_signal', 'BB_width', 'BB_pct', 'SMA_20', 'EMA_12', 'Volume_SMA', 'Volume_Ratio', 'ATR']
INFO 2025-05-03 02:09:13,773 technical_indicators 17372 4892 Successfully calculated indicators on 88 records
INFO 2025-05-03 02:09:13,774 prediction_service 17372 4892 Generating target for TATASTEEL.NS
INFO 2025-05-03 02:09:13,775 processor 17372 4892 Generating target for 3-day future return
INFO 2025-05-03 02:09:13,781 processor 17372 4892 Target generated: 45/85 up (52.9%), 40/85 down (47.1%)
INFO 2025-05-03 02:09:13,782 prediction_service 17372 4892 Creating lightgbm model for TATASTEEL.NS
INFO 2025-05-03 02:09:13,782 model_factory 17372 4892 Creating model of type: lightgbm
INFO 2025-05-03 02:09:13,783 lightgbm_model 17372 4892 LightGBMModel initialized with test_size=0.2
INFO 2025-05-03 02:09:13,784 prediction_service 17372 4892 Attempting to load model from models\TATASTEEL_NS_model.joblib
ERROR 2025-05-03 02:09:13,784 lightgbm_model 17372 4892 No saved model found at models\TATASTEEL_NS_model.joblib
NoneType: None
INFO 2025-05-03 02:09:13,786 prediction_service 17372 4892 No existing lightgbm model found for TATASTEEL.NS, training new model
INFO 2025-05-03 02:09:13,788 prediction_service 17372 4892 Training lightgbm model for TATASTEEL.NS
INFO 2025-05-03 02:09:13,791 lightgbm_model 17372 4892 Starting LightGBM model training
INFO 2025-05-03 02:09:13,808 lightgbm_model 17372 4892 Fitting model on 68 training samples
ERROR 2025-05-03 02:09:13,811 lightgbm_model 17372 4892 Error training LightGBM model: LGBMClassifier.fit() got an unexpected keyword argument 'early_stopping_rounds'
Traceback (most recent call last):
  File "D:\Workspaces\PythonWorkspaces\stock-predictor\predictor\core\models\lightgbm_model.py", line 101, in train
    self.model.fit(
    ~~~~~~~~~~~~~~^
        X_train,
        ^^^^^^^^
    ...<4 lines>...
        verbose=False
        ^^^^^^^^^^^^^
    )
    ^
TypeError: LGBMClassifier.fit() got an unexpected keyword argument 'early_stopping_rounds'
ERROR 2025-05-03 02:09:13,848 views 17372 4892 Error predicting TATASTEEL.NS: Failed to train model
INFO 2025-05-03 02:09:13,879 basehttp 17372 4892 "POST /lightgbm/ HTTP/1.1" 302 0
INFO 2025-05-03 02:09:13,879 basehttp 17372 4892 "POST /lightgbm/ HTTP/1.1" 302 0
INFO 2025-05-03 02:09:13,912 basehttp 17372 4892 "GET /lightgbm/ HTTP/1.1" 200 5034
INFO 2025-05-03 02:09:13,912 basehttp 17372 4892 "GET /lightgbm/ HTTP/1.1" 200 5034
